reset

brick x 0.25 y 1.8 z 0.1
move Volume 1  x 0.125 y 0.9 include_merged 

brick x 0.25 y 3.9 z 0.1
move Volume 2  x 4.875 y 3.05 include_merged 

create vertex 0 2 -0.05
create vertex 0 1.6 -0.05
create vertex 5 1.4 -0.05
create surface parallelogram vertex 18 17 19  
create vertex 0 2 0.05
create vertex 0 1.5 0.05
create vertex 5 1.3 0.05
create surface parallelogram vertex 22 21 23  
create volume loft surface 13 14  

undo group begin
imprint volume all 
merge volume all 
undo group end

unite volume 1 5 2  

rotate Volume 1  angle 180  about X include_merged 
rotate Volume 1  angle 180  about Y include_merged 
move Volume 1 x 5 y 5 include_merged 

delete volume 3
delete volume 4

Volume 1  copy reflect vertex 4 1 
Volume 6  copy reflect vertex 69 67 
Volume 1 6 7  copy reflect vertex 4 21 
Volume 8 9 10  copy reflect vertex 99 97 

brick x 15.2 y 15.2 z 0.1
move Volume 14 x 7.6 y 7.6 include_merged 
brick x 15 y 15 z 0.1
move Volume 15 x 7.5 y 7.5 include_merged 
subtract volume 15  from volume 14  

undo group begin
imprint volume all 
merge volume all 
undo group end

#unite volume all 

curve 325  interval 1
curve 325  scheme equal
mesh curve 325 
volume all scheme submap
mesh volume all

block 1 add volume all
sideset 1 add surface 156 113 83 54  
sideset 2 add surface 11 60 70 154  
sideset 3 add surface 155 114 124 134 104 94 84 57 64 74  
sideset 4 add surface 143  
sideset 5 add surface 144  
sideset 6 add surface 153 135 125 115 85 95 105 75 65 58  

Volume all scale 0.001 

